4
.   3
.   .   T
.   .   3
.   .   .   T
.   .   .   T
.   .   .   T
.   .   T
.   2
.   .   T
.   .   T
.   3
.   .   T
.   .   T
.   .   0
.   .   .
.   1
.   .   T