Move A to C
Move A to B
Move C to B
Move A to C
Move B to A
Move B to C
Move A to C
Move A to B
Move C to B
Move C to A
Move B to A
Move C to B
Move A to C
Move A to B
Move C to B